EN fourbitadder NULL C:/Users/ster/VHDL/b8adder/fourBitAdder.vhd sub00/vhpl02 1473747021
EN fulladder NULL C:/Users/ster/VHDL/b8adder/adder.vhd sub00/vhpl00 1473747019
AR fourbitadder behavioral C:/Users/ster/VHDL/b8adder/fourBitAdder.vhd sub00/vhpl03 1473747022
AR fulladder behavioral C:/Users/ster/VHDL/b8adder/adder.vhd sub00/vhpl01 1473747020
