AR counter behavioral C:/Users/ster/VHDL/horloge/counter.vhd sub00/vhpl03 1473766053
EN t_flipflop NULL C:/Users/ster/VHDL/horloge/t_flipflop.vhd sub00/vhpl05 1473766058
EN counter NULL C:/Users/ster/VHDL/horloge/counter.vhd sub00/vhpl02 1473766052
AR t_flipflop behavioral C:/Users/ster/VHDL/horloge/t_flipflop.vhd sub00/vhpl06 1473766059
EN horloge NULL C:/Users/ster/VHDL/horloge/horloge.vhd sub00/vhpl00 1473766060
EN fixed_output NULL C:/Users/ster/VHDL/horloge/fixed_output.vhd sub00/vhpl07 1473766054
AR horloge behavioral C:/Users/ster/VHDL/horloge/horloge.vhd sub00/vhpl01 1473766061
EN comparator NULL C:/Users/ster/VHDL/horloge/comparator.vhd sub00/vhpl04 1473766056
AR comparator behavioral C:/Users/ster/VHDL/horloge/comparator.vhd sub00/vhpl09 1473766057
AR fixed_output behavioral C:/Users/ster/VHDL/horloge/fixed_output.vhd sub00/vhpl08 1473766055
