V3 4
FL C:/Users/ster/sevSegDeconer/afficheur.vhd 2016/09/12.15:30:37 P.20131013
FL C:/Users/ster/VHDL/sevSegDeconer/afficheur.vhd 2016/09/12.17:17:30 P.20131013
EN work/afficheur 1473693753 FL C:/Users/ster/VHDL/sevSegDeconer/afficheur.vhd \
      PB ieee/std_logic_1164 1381692176
AR work/afficheur/Behavioral 1473693754 \
      FL C:/Users/ster/VHDL/sevSegDeconer/afficheur.vhd EN work/afficheur 1473693753
